mode: set
ThreeLayeredArchitecture/docs/docs.go:226.13,228.2 1 0
ThreeLayeredArchitecture/main.go:29.13,32.16 2 0
ThreeLayeredArchitecture/main.go:32.16,34.3 1 0
ThreeLayeredArchitecture/main.go:35.2,43.16 6 0
ThreeLayeredArchitecture/main.go:43.16,45.3 1 0
ThreeLayeredArchitecture/main.go:46.2,55.72 7 0
ThreeLayeredArchitecture/main.go:55.72,56.19 1 0
ThreeLayeredArchitecture/main.go:57.23,58.33 1 0
ThreeLayeredArchitecture/main.go:59.24,60.32 1 0
ThreeLayeredArchitecture/main.go:61.11,62.68 1 0
ThreeLayeredArchitecture/main.go:65.2,70.46 4 0
ThreeLayeredArchitecture/datasource/user/user.go:8.32,12.16 3 0
ThreeLayeredArchitecture/datasource/user/user.go:12.16,14.3 1 0
ThreeLayeredArchitecture/datasource/user/user.go:15.2,15.33 1 0
ThreeLayeredArchitecture/datasource/user/user.go:15.33,17.3 1 0
ThreeLayeredArchitecture/datasource/user/user.go:19.2,19.16 1 0
ThreeLayeredArchitecture/datasource/task/task.go:8.32,12.16 3 0
ThreeLayeredArchitecture/datasource/task/task.go:12.16,14.3 1 0
ThreeLayeredArchitecture/datasource/task/task.go:15.2,15.22 1 0
ThreeLayeredArchitecture/services/task/mock_interface.go:32.63,36.2 3 1
ThreeLayeredArchitecture/services/task/mock_interface.go:39.61,41.2 1 1
ThreeLayeredArchitecture/services/task/mock_interface.go:44.63,50.2 5 1
ThreeLayeredArchitecture/services/task/mock_interface.go:53.65,56.2 2 1
ThreeLayeredArchitecture/services/task/mock_interface.go:59.46,64.2 4 1
ThreeLayeredArchitecture/services/task/mock_interface.go:67.66,70.2 2 1
ThreeLayeredArchitecture/services/task/mock_interface.go:73.62,79.2 5 1
ThreeLayeredArchitecture/services/task/mock_interface.go:82.67,85.2 2 1
ThreeLayeredArchitecture/services/task/mock_interface.go:88.61,94.2 5 1
ThreeLayeredArchitecture/services/task/mock_interface.go:97.64,100.2 2 1
ThreeLayeredArchitecture/services/task/mock_interface.go:103.52,108.2 4 1
ThreeLayeredArchitecture/services/task/mock_interface.go:111.72,114.2 2 1
ThreeLayeredArchitecture/services/task/task.go:11.51,13.2 1 1
ThreeLayeredArchitecture/services/task/task.go:15.61,17.2 1 1
ThreeLayeredArchitecture/services/task/task.go:19.59,21.2 1 1
ThreeLayeredArchitecture/services/task/task.go:23.60,25.2 1 1
ThreeLayeredArchitecture/services/task/task.go:27.60,29.16 2 1
ThreeLayeredArchitecture/services/task/task.go:29.16,31.3 1 1
ThreeLayeredArchitecture/services/task/task.go:33.2,33.20 1 1
ThreeLayeredArchitecture/services/task/task.go:33.20,35.3 1 1
ThreeLayeredArchitecture/services/task/task.go:37.2,38.16 2 1
ThreeLayeredArchitecture/services/task/task.go:38.16,40.3 1 1
ThreeLayeredArchitecture/services/task/task.go:42.2,42.39 1 1
ThreeLayeredArchitecture/services/task/task.go:45.44,47.2 1 1
ThreeLayeredArchitecture/handler/user/mock_interface.go:32.67,36.2 3 1
ThreeLayeredArchitecture/handler/user/mock_interface.go:39.65,41.2 1 1
ThreeLayeredArchitecture/handler/user/mock_interface.go:44.77,50.2 5 1
ThreeLayeredArchitecture/handler/user/mock_interface.go:53.74,56.2 2 1
ThreeLayeredArchitecture/handler/user/mock_interface.go:59.64,65.2 5 1
ThreeLayeredArchitecture/handler/user/mock_interface.go:68.67,71.2 2 1
ThreeLayeredArchitecture/handler/user/mock_interface.go:74.70,80.2 5 1
ThreeLayeredArchitecture/handler/user/mock_interface.go:83.75,86.2 2 1
ThreeLayeredArchitecture/handler/user/user.go:16.55,18.2 1 1
ThreeLayeredArchitecture/handler/user/user.go:31.74,34.16 3 1
ThreeLayeredArchitecture/handler/user/user.go:34.16,37.3 2 0
ThreeLayeredArchitecture/handler/user/user.go:39.2,40.16 2 1
ThreeLayeredArchitecture/handler/user/user.go:40.16,43.3 2 1
ThreeLayeredArchitecture/handler/user/user.go:45.2,46.16 2 1
ThreeLayeredArchitecture/handler/user/user.go:46.16,49.3 2 1
ThreeLayeredArchitecture/handler/user/user.go:51.2,53.16 3 1
ThreeLayeredArchitecture/handler/user/user.go:53.16,55.3 1 0
ThreeLayeredArchitecture/handler/user/user.go:57.2,58.16 2 1
ThreeLayeredArchitecture/handler/user/user.go:58.16,61.3 2 0
ThreeLayeredArchitecture/handler/user/user.go:73.75,75.16 2 1
ThreeLayeredArchitecture/handler/user/user.go:75.16,78.3 2 1
ThreeLayeredArchitecture/handler/user/user.go:80.2,82.16 3 1
ThreeLayeredArchitecture/handler/user/user.go:82.16,84.3 1 0
ThreeLayeredArchitecture/handler/user/user.go:86.2,87.16 2 1
ThreeLayeredArchitecture/handler/user/user.go:87.16,90.3 2 0
ThreeLayeredArchitecture/handler/user/user.go:104.75,107.16 3 1
ThreeLayeredArchitecture/handler/user/user.go:107.16,110.3 2 1
ThreeLayeredArchitecture/handler/user/user.go:112.2,113.16 2 1
ThreeLayeredArchitecture/handler/user/user.go:113.16,116.3 2 1
ThreeLayeredArchitecture/handler/user/user.go:118.2,120.16 3 1
ThreeLayeredArchitecture/handler/user/user.go:120.16,122.3 1 0
ThreeLayeredArchitecture/handler/user/user.go:124.2,125.16 2 1
ThreeLayeredArchitecture/handler/user/user.go:125.16,128.3 2 0
ThreeLayeredArchitecture/handler/task/mock_interface.go:32.67,36.2 3 1
ThreeLayeredArchitecture/handler/task/mock_interface.go:39.65,41.2 1 1
ThreeLayeredArchitecture/handler/task/mock_interface.go:44.65,50.2 5 1
ThreeLayeredArchitecture/handler/task/mock_interface.go:53.67,56.2 2 1
ThreeLayeredArchitecture/handler/task/mock_interface.go:59.48,64.2 4 1
ThreeLayeredArchitecture/handler/task/mock_interface.go:67.68,70.2 2 1
ThreeLayeredArchitecture/handler/task/mock_interface.go:73.64,79.2 5 1
ThreeLayeredArchitecture/handler/task/mock_interface.go:82.69,85.2 2 1
ThreeLayeredArchitecture/handler/task/mock_interface.go:88.63,94.2 5 1
ThreeLayeredArchitecture/handler/task/mock_interface.go:97.66,100.2 2 1
ThreeLayeredArchitecture/handler/task/mock_interface.go:103.64,109.2 5 1
ThreeLayeredArchitecture/handler/task/mock_interface.go:112.74,115.2 2 1
ThreeLayeredArchitecture/handler/task/task.go:15.55,17.2 1 1
ThreeLayeredArchitecture/handler/task/task.go:30.75,31.18 1 1
ThreeLayeredArchitecture/handler/task/task.go:32.22,34.17 2 1
ThreeLayeredArchitecture/handler/task/task.go:34.17,37.4 2 1
ThreeLayeredArchitecture/handler/task/task.go:39.3,42.17 3 1
ThreeLayeredArchitecture/handler/task/task.go:42.17,44.4 1 0
ThreeLayeredArchitecture/handler/task/task.go:46.3,47.17 2 1
ThreeLayeredArchitecture/handler/task/task.go:47.17,50.4 2 0
ThreeLayeredArchitecture/handler/task/task.go:51.23,55.17 3 1
ThreeLayeredArchitecture/handler/task/task.go:55.17,58.4 2 0
ThreeLayeredArchitecture/handler/task/task.go:60.3,61.17 2 1
ThreeLayeredArchitecture/handler/task/task.go:61.17,64.4 2 0
ThreeLayeredArchitecture/handler/task/task.go:66.3,67.17 2 1
ThreeLayeredArchitecture/handler/task/task.go:67.17,70.4 2 1
ThreeLayeredArchitecture/handler/task/task.go:72.3,75.17 3 1
ThreeLayeredArchitecture/handler/task/task.go:75.17,77.4 1 0
ThreeLayeredArchitecture/handler/task/task.go:79.3,80.17 2 1
ThreeLayeredArchitecture/handler/task/task.go:80.17,83.4 2 0
ThreeLayeredArchitecture/handler/task/task.go:85.25,88.17 3 1
ThreeLayeredArchitecture/handler/task/task.go:88.17,91.4 2 1
ThreeLayeredArchitecture/handler/task/task.go:93.3,94.17 2 1
ThreeLayeredArchitecture/handler/task/task.go:94.17,97.4 2 0
ThreeLayeredArchitecture/handler/task/task.go:99.24,102.17 3 1
ThreeLayeredArchitecture/handler/task/task.go:102.17,105.4 2 1
ThreeLayeredArchitecture/handler/task/task.go:107.3,109.17 3 1
ThreeLayeredArchitecture/handler/task/task.go:109.17,112.4 2 0
ThreeLayeredArchitecture/handler/task/task.go:114.10,115.67 1 1
ThreeLayeredArchitecture/handler/task/task.go:130.78,131.32 1 1
ThreeLayeredArchitecture/handler/task/task.go:131.32,135.17 3 1
ThreeLayeredArchitecture/handler/task/task.go:135.17,138.4 2 1
ThreeLayeredArchitecture/handler/task/task.go:140.3,141.17 2 1
ThreeLayeredArchitecture/handler/task/task.go:141.17,144.4 2 1
ThreeLayeredArchitecture/handler/task/task.go:146.3,147.17 2 1
ThreeLayeredArchitecture/handler/task/task.go:147.17,150.4 2 0
ThreeLayeredArchitecture/handler/task/task.go:152.3,155.17 3 1
ThreeLayeredArchitecture/handler/task/task.go:155.17,158.4 2 0
ThreeLayeredArchitecture/handler/task/task.go:160.3,160.9 1 1
ThreeLayeredArchitecture/handler/task/task.go:163.2,163.66 1 1
ThreeLayeredArchitecture/store/user/user.go:12.42,14.2 1 1
ThreeLayeredArchitecture/store/user/user.go:16.71,20.16 3 1
ThreeLayeredArchitecture/store/user/user.go:20.16,22.3 1 1
ThreeLayeredArchitecture/store/user/user.go:24.2,27.18 3 1
ThreeLayeredArchitecture/store/user/user.go:30.58,32.23 2 1
ThreeLayeredArchitecture/store/user/user.go:32.23,34.3 1 0
ThreeLayeredArchitecture/store/user/user.go:36.2,36.16 1 1
ThreeLayeredArchitecture/store/user/user.go:36.16,38.3 1 0
ThreeLayeredArchitecture/store/user/user.go:40.2,42.18 2 1
ThreeLayeredArchitecture/store/user/user.go:42.18,46.17 3 1
ThreeLayeredArchitecture/store/user/user.go:46.17,48.4 1 0
ThreeLayeredArchitecture/store/user/user.go:50.3,50.30 1 1
ThreeLayeredArchitecture/store/user/user.go:53.2,53.19 1 1
ThreeLayeredArchitecture/store/user/user.go:56.62,62.16 4 1
ThreeLayeredArchitecture/store/user/user.go:62.16,64.3 1 0
ThreeLayeredArchitecture/store/user/user.go:66.2,66.18 1 1
ThreeLayeredArchitecture/services/user/mock_interface.go:32.63,36.2 3 1
ThreeLayeredArchitecture/services/user/mock_interface.go:39.61,41.2 1 1
ThreeLayeredArchitecture/services/user/mock_interface.go:44.71,50.2 5 1
ThreeLayeredArchitecture/services/user/mock_interface.go:53.72,56.2 2 1
ThreeLayeredArchitecture/services/user/mock_interface.go:59.60,65.2 5 1
ThreeLayeredArchitecture/services/user/mock_interface.go:68.65,71.2 2 1
ThreeLayeredArchitecture/services/user/mock_interface.go:74.66,80.2 5 1
ThreeLayeredArchitecture/services/user/mock_interface.go:83.73,86.2 2 1
ThreeLayeredArchitecture/services/user/user.go:11.43,13.2 1 1
ThreeLayeredArchitecture/services/user/user.go:15.75,17.2 1 1
ThreeLayeredArchitecture/services/user/user.go:19.59,21.2 1 1
ThreeLayeredArchitecture/services/user/user.go:23.63,25.2 1 1
ThreeLayeredArchitecture/store/task/task.go:13.42,15.2 1 1
ThreeLayeredArchitecture/store/task/task.go:17.67,21.16 3 1
ThreeLayeredArchitecture/store/task/task.go:21.16,23.3 1 0
ThreeLayeredArchitecture/store/task/task.go:25.2,27.82 2 1
ThreeLayeredArchitecture/store/task/task.go:30.58,35.23 3 1
ThreeLayeredArchitecture/store/task/task.go:35.23,37.3 1 0
ThreeLayeredArchitecture/store/task/task.go:39.2,39.16 1 1
ThreeLayeredArchitecture/store/task/task.go:39.16,41.3 1 0
ThreeLayeredArchitecture/store/task/task.go:43.2,43.15 1 1
ThreeLayeredArchitecture/store/task/task.go:43.15,44.38 1 1
ThreeLayeredArchitecture/store/task/task.go:44.38,46.4 1 0
ThreeLayeredArchitecture/store/task/task.go:49.2,51.18 2 1
ThreeLayeredArchitecture/store/task/task.go:51.18,55.17 3 1
ThreeLayeredArchitecture/store/task/task.go:55.17,57.4 1 0
ThreeLayeredArchitecture/store/task/task.go:59.3,59.30 1 1
ThreeLayeredArchitecture/store/task/task.go:62.2,62.19 1 1
ThreeLayeredArchitecture/store/task/task.go:65.59,73.2 5 1
ThreeLayeredArchitecture/store/task/task.go:75.49,80.2 3 1
ThreeLayeredArchitecture/store/task/task.go:82.43,87.2 3 1
