mode: set
ThreeLayeredArchitecture/handler/user/mock_interface.go:32.67,36.2 3 1
ThreeLayeredArchitecture/handler/user/mock_interface.go:39.65,41.2 1 1
ThreeLayeredArchitecture/handler/user/mock_interface.go:44.77,50.2 5 1
ThreeLayeredArchitecture/handler/user/mock_interface.go:53.74,56.2 2 1
ThreeLayeredArchitecture/handler/user/mock_interface.go:59.64,65.2 5 1
ThreeLayeredArchitecture/handler/user/mock_interface.go:68.67,71.2 2 1
ThreeLayeredArchitecture/handler/user/mock_interface.go:74.70,80.2 5 1
ThreeLayeredArchitecture/handler/user/mock_interface.go:83.75,86.2 2 1
ThreeLayeredArchitecture/handler/user/user.go:16.55,18.2 1 1
ThreeLayeredArchitecture/handler/user/user.go:20.74,23.16 3 1
ThreeLayeredArchitecture/handler/user/user.go:23.16,26.3 2 0
ThreeLayeredArchitecture/handler/user/user.go:28.2,29.16 2 1
ThreeLayeredArchitecture/handler/user/user.go:29.16,32.3 2 1
ThreeLayeredArchitecture/handler/user/user.go:34.2,35.16 2 1
ThreeLayeredArchitecture/handler/user/user.go:35.16,38.3 2 1
ThreeLayeredArchitecture/handler/user/user.go:40.2,42.16 3 1
ThreeLayeredArchitecture/handler/user/user.go:42.16,44.3 1 0
ThreeLayeredArchitecture/handler/user/user.go:46.2,47.16 2 1
ThreeLayeredArchitecture/handler/user/user.go:47.16,50.3 2 0
ThreeLayeredArchitecture/handler/user/user.go:53.75,55.16 2 1
ThreeLayeredArchitecture/handler/user/user.go:55.16,58.3 2 1
ThreeLayeredArchitecture/handler/user/user.go:60.2,62.16 3 1
ThreeLayeredArchitecture/handler/user/user.go:62.16,64.3 1 0
ThreeLayeredArchitecture/handler/user/user.go:66.2,67.16 2 1
ThreeLayeredArchitecture/handler/user/user.go:67.16,70.3 2 0
ThreeLayeredArchitecture/handler/user/user.go:73.75,76.16 3 1
ThreeLayeredArchitecture/handler/user/user.go:76.16,79.3 2 1
ThreeLayeredArchitecture/handler/user/user.go:81.2,82.16 2 1
ThreeLayeredArchitecture/handler/user/user.go:82.16,85.3 2 1
ThreeLayeredArchitecture/handler/user/user.go:87.2,89.16 3 1
ThreeLayeredArchitecture/handler/user/user.go:89.16,91.3 1 0
ThreeLayeredArchitecture/handler/user/user.go:93.2,94.16 2 1
ThreeLayeredArchitecture/handler/user/user.go:94.16,97.3 2 0
