mode: set
ThreeLayeredArchitecture/services/task/mock_interface.go:32.63,36.2 3 1
ThreeLayeredArchitecture/services/task/mock_interface.go:39.61,41.2 1 1
ThreeLayeredArchitecture/services/task/mock_interface.go:44.63,50.2 5 1
ThreeLayeredArchitecture/services/task/mock_interface.go:53.65,56.2 2 1
ThreeLayeredArchitecture/services/task/mock_interface.go:59.46,64.2 4 1
ThreeLayeredArchitecture/services/task/mock_interface.go:67.66,70.2 2 1
ThreeLayeredArchitecture/services/task/mock_interface.go:73.62,79.2 5 1
ThreeLayeredArchitecture/services/task/mock_interface.go:82.67,85.2 2 1
ThreeLayeredArchitecture/services/task/mock_interface.go:88.61,94.2 5 1
ThreeLayeredArchitecture/services/task/mock_interface.go:97.64,100.2 2 1
ThreeLayeredArchitecture/services/task/mock_interface.go:103.52,108.2 4 1
ThreeLayeredArchitecture/services/task/mock_interface.go:111.72,114.2 2 1
ThreeLayeredArchitecture/services/task/task.go:11.51,13.2 1 1
ThreeLayeredArchitecture/services/task/task.go:15.61,17.2 1 1
ThreeLayeredArchitecture/services/task/task.go:19.59,21.2 1 1
ThreeLayeredArchitecture/services/task/task.go:23.60,25.2 1 1
ThreeLayeredArchitecture/services/task/task.go:27.60,29.16 2 1
ThreeLayeredArchitecture/services/task/task.go:29.16,31.3 1 1
ThreeLayeredArchitecture/services/task/task.go:33.2,33.20 1 1
ThreeLayeredArchitecture/services/task/task.go:33.20,35.3 1 1
ThreeLayeredArchitecture/services/task/task.go:37.2,38.16 2 1
ThreeLayeredArchitecture/services/task/task.go:38.16,40.3 1 1
ThreeLayeredArchitecture/services/task/task.go:42.2,42.39 1 1
ThreeLayeredArchitecture/services/task/task.go:45.44,47.2 1 1
ThreeLayeredArchitecture/services/user/mock_interface.go:32.63,36.2 3 1
ThreeLayeredArchitecture/services/user/mock_interface.go:39.61,41.2 1 1
ThreeLayeredArchitecture/services/user/mock_interface.go:44.71,50.2 5 1
ThreeLayeredArchitecture/services/user/mock_interface.go:53.72,56.2 2 1
ThreeLayeredArchitecture/services/user/mock_interface.go:59.60,65.2 5 1
ThreeLayeredArchitecture/services/user/mock_interface.go:68.65,71.2 2 1
ThreeLayeredArchitecture/services/user/mock_interface.go:74.66,80.2 5 1
ThreeLayeredArchitecture/services/user/mock_interface.go:83.73,86.2 2 1
ThreeLayeredArchitecture/services/user/user.go:11.43,13.2 1 1
ThreeLayeredArchitecture/services/user/user.go:15.75,17.2 1 1
ThreeLayeredArchitecture/services/user/user.go:19.59,21.2 1 1
ThreeLayeredArchitecture/services/user/user.go:23.63,25.2 1 1
