mode: set
ThreeLayeredArchitecture/services/task/mock_interface.go:32.63,36.2 3 1
ThreeLayeredArchitecture/services/task/mock_interface.go:39.61,41.2 1 1
ThreeLayeredArchitecture/services/task/mock_interface.go:44.63,50.2 5 1
ThreeLayeredArchitecture/services/task/mock_interface.go:53.65,56.2 2 1
ThreeLayeredArchitecture/services/task/mock_interface.go:59.46,64.2 4 1
ThreeLayeredArchitecture/services/task/mock_interface.go:67.66,70.2 2 1
ThreeLayeredArchitecture/services/task/mock_interface.go:73.62,79.2 5 1
ThreeLayeredArchitecture/services/task/mock_interface.go:82.67,85.2 2 1
ThreeLayeredArchitecture/services/task/mock_interface.go:88.61,94.2 5 1
ThreeLayeredArchitecture/services/task/mock_interface.go:97.64,100.2 2 1
ThreeLayeredArchitecture/services/task/mock_interface.go:103.52,108.2 4 1
ThreeLayeredArchitecture/services/task/mock_interface.go:111.72,114.2 2 1
ThreeLayeredArchitecture/services/task/task.go:11.51,13.2 1 1
ThreeLayeredArchitecture/services/task/task.go:15.61,17.2 1 1
ThreeLayeredArchitecture/services/task/task.go:19.59,21.2 1 1
ThreeLayeredArchitecture/services/task/task.go:23.60,25.2 1 1
ThreeLayeredArchitecture/services/task/task.go:27.60,29.16 2 1
ThreeLayeredArchitecture/services/task/task.go:29.16,31.3 1 1
ThreeLayeredArchitecture/services/task/task.go:32.2,32.20 1 1
ThreeLayeredArchitecture/services/task/task.go:32.20,34.3 1 1
ThreeLayeredArchitecture/services/task/task.go:36.2,37.16 2 1
ThreeLayeredArchitecture/services/task/task.go:37.16,39.3 1 1
ThreeLayeredArchitecture/services/task/task.go:40.2,40.39 1 1
ThreeLayeredArchitecture/services/task/task.go:43.44,45.2 1 1
