mode: set
ThreeLayeredArchitecture/handler/task/mock_interface.go:32.67,36.2 3 1
ThreeLayeredArchitecture/handler/task/mock_interface.go:39.65,41.2 1 1
ThreeLayeredArchitecture/handler/task/mock_interface.go:44.65,50.2 5 1
ThreeLayeredArchitecture/handler/task/mock_interface.go:53.67,56.2 2 1
ThreeLayeredArchitecture/handler/task/mock_interface.go:59.48,64.2 4 1
ThreeLayeredArchitecture/handler/task/mock_interface.go:67.68,70.2 2 1
ThreeLayeredArchitecture/handler/task/mock_interface.go:73.64,79.2 5 1
ThreeLayeredArchitecture/handler/task/mock_interface.go:82.69,85.2 2 1
ThreeLayeredArchitecture/handler/task/mock_interface.go:88.63,94.2 5 1
ThreeLayeredArchitecture/handler/task/mock_interface.go:97.66,100.2 2 1
ThreeLayeredArchitecture/handler/task/mock_interface.go:103.64,109.2 5 1
ThreeLayeredArchitecture/handler/task/mock_interface.go:112.74,115.2 2 1
ThreeLayeredArchitecture/handler/task/task.go:15.55,17.2 1 1
ThreeLayeredArchitecture/handler/task/task.go:19.75,20.18 1 1
ThreeLayeredArchitecture/handler/task/task.go:21.22,23.17 2 1
ThreeLayeredArchitecture/handler/task/task.go:23.17,26.4 2 1
ThreeLayeredArchitecture/handler/task/task.go:28.3,31.17 3 1
ThreeLayeredArchitecture/handler/task/task.go:31.17,33.4 1 0
ThreeLayeredArchitecture/handler/task/task.go:35.3,36.17 2 1
ThreeLayeredArchitecture/handler/task/task.go:36.17,39.4 2 0
ThreeLayeredArchitecture/handler/task/task.go:40.23,44.17 3 1
ThreeLayeredArchitecture/handler/task/task.go:44.17,47.4 2 0
ThreeLayeredArchitecture/handler/task/task.go:49.3,50.17 2 1
ThreeLayeredArchitecture/handler/task/task.go:50.17,53.4 2 0
ThreeLayeredArchitecture/handler/task/task.go:55.3,56.17 2 1
ThreeLayeredArchitecture/handler/task/task.go:56.17,59.4 2 1
ThreeLayeredArchitecture/handler/task/task.go:61.3,64.17 3 1
ThreeLayeredArchitecture/handler/task/task.go:64.17,66.4 1 0
ThreeLayeredArchitecture/handler/task/task.go:68.3,69.17 2 1
ThreeLayeredArchitecture/handler/task/task.go:69.17,72.4 2 0
ThreeLayeredArchitecture/handler/task/task.go:74.25,77.17 3 1
ThreeLayeredArchitecture/handler/task/task.go:77.17,80.4 2 1
ThreeLayeredArchitecture/handler/task/task.go:82.3,83.17 2 1
ThreeLayeredArchitecture/handler/task/task.go:83.17,86.4 2 0
ThreeLayeredArchitecture/handler/task/task.go:88.24,91.17 3 1
ThreeLayeredArchitecture/handler/task/task.go:91.17,94.4 2 1
ThreeLayeredArchitecture/handler/task/task.go:96.3,98.17 3 1
ThreeLayeredArchitecture/handler/task/task.go:98.17,101.4 2 0
ThreeLayeredArchitecture/handler/task/task.go:103.10,104.67 1 0
ThreeLayeredArchitecture/handler/task/task.go:108.78,109.32 1 1
ThreeLayeredArchitecture/handler/task/task.go:109.32,113.17 3 1
ThreeLayeredArchitecture/handler/task/task.go:113.17,116.4 2 0
ThreeLayeredArchitecture/handler/task/task.go:118.3,119.17 2 1
ThreeLayeredArchitecture/handler/task/task.go:119.17,122.4 2 1
ThreeLayeredArchitecture/handler/task/task.go:124.3,125.17 2 1
ThreeLayeredArchitecture/handler/task/task.go:125.17,128.4 2 0
ThreeLayeredArchitecture/handler/task/task.go:130.3,133.17 3 1
ThreeLayeredArchitecture/handler/task/task.go:133.17,136.4 2 0
ThreeLayeredArchitecture/handler/task/task.go:138.3,138.9 1 1
ThreeLayeredArchitecture/handler/task/task.go:141.2,141.66 1 0
